mysql> show tables;
+-------------------+
| Tables_in_Chinook |
+-------------------+
| Album             |
| Artist            |
| Customer          |
| Employee          |
| Friends           |
| Genre             |
| Invoice           |
| InvoiceLine       |
| MediaType         |
| Playlist          |
| PlaylistTrack     |
| Track             |
+-------------------+
12 rows in set (0.01 sec)

mysql> SELECT * FROM Friends;
Empty set (0.00 sec)

mysql> SELECT * FROM Friends;
Empty set (0.00 sec)

mysql> SELECT * FROM Friends;
+------+------+---------------------+
| name | Age  | DOB                 |
+------+------+---------------------+
| Bob  |   21 | 1990-02-06 23:04:56 |
+------+------+---------------------+
1 row in set (0.00 sec)

mysql> SELECT * FROM Friends;
+------+------+---------------------+
| name | Age  | DOB                 |
+------+------+---------------------+
| Bob  |   21 | 1990-02-06 23:04:56 |
| Bob  |   21 | 1990-02-06 23:04:56 |
| Jim  |   56 | 1955-05-09 13:12:45 |
| Fred |  100 | 1921-02-12 01:01:01 |
+------+------+---------------------+
4 rows in set (0.00 sec)

mysql> SELECT * FROM Friends;
+------+------+---------------------+
| name | Age  | DOB                 |
+------+------+---------------------+
| Bob  |   22 | 1990-02-06 23:04:56 |
| Bob  |   22 | 1990-02-06 23:04:56 |
| Jim  |   56 | 1955-05-09 13:12:45 |
| Fred |  100 | 1921-02-12 01:01:01 |
+------+------+---------------------+
4 rows in set (0.00 sec)

mysql> SELECT * FROM Friends;
+------+------+---------------------+
| name | Age  | DOB                 |
+------+------+---------------------+
| Bob  |   23 | 1990-02-06 23:04:56 |
| Bob  |   23 | 1990-02-06 23:04:56 |
| Jim  |   56 | 1955-05-09 13:12:45 |
| Fred |  100 | 1921-02-12 01:01:01 |
+------+------+---------------------+
4 rows in set (0.00 sec)

mysql> mysql> SELECT * FROM Friends
    -> ;
ERROR 1046 (3D000): No database selected
mysql> use Chinook;
Reading table information for completion of table and column names
You can turn off this feature to get a quicker startup with -A

Database changed
mysql> SELECT * FROM Friends;
+------+------+---------------------+
| name | Age  | DOB                 |
+------+------+---------------------+
| Bob  |   23 | 1990-02-06 23:04:56 |
| Bob  |   23 | 1990-02-06 23:04:56 |
| Jim  |   24 | 1955-05-09 13:12:45 |
| Fred |   25 | 1921-02-12 01:01:01 |
+------+------+---------------------+
4 rows in set (0.00 sec)

mysql> SELECT * FROM Friends;
+------+------+---------------------+
| name | Age  | DOB                 |
+------+------+---------------------+
| Jim  |   24 | 1955-05-09 13:12:45 |
| Fred |   25 | 1921-02-12 01:01:01 |
+------+------+---------------------+
2 rows in set (0.00 sec)

mysql> SELECT * FROM Friends;
+------+------+---------------------+
| name | Age  | DOB                 |
+------+------+---------------------+
| Jim  |   24 | 1955-05-09 13:12:45 |
| Fred |   25 | 1921-02-12 01:01:01 |
| Bob  |   21 | 1990-02-06 23:04:56 |
+------+------+---------------------+
3 rows in set (0.00 sec)

mysql> SELECT * FROM Friends;
+------+------+---------------------+
| name | Age  | DOB                 |
+------+------+---------------------+
| Jim  |   24 | 1955-05-09 13:12:45 |
| Fred |   25 | 1921-02-12 01:01:01 |
+------+------+---------------------+
2 rows in set (0.00 sec)

mysql> SELECT * FROM Friends;
+------+------+---------------------+
| name | Age  | DOB                 |
+------+------+---------------------+
| Jim  |   24 | 1955-05-09 13:12:45 |
| Fred |   25 | 1921-02-12 01:01:01 |
+------+------+---------------------+
2 rows in set (0.00 sec)

mysql> SELECT * FROM Friends;
+------+------+---------------------+
| name | Age  | DOB                 |
+------+------+---------------------+
| Jim  |   24 | 1955-05-09 13:12:45 |
| Fred |   25 | 1921-02-12 01:01:01 |
+------+------+---------------------+
2 rows in set (0.00 sec)

mysql> SELECT * FROM Friends;
+------+------+---------------------+
| name | Age  | DOB                 |
+------+------+---------------------+
| Fred |   25 | 1921-02-12 01:01:01 |
+------+------+---------------------+
1 row in set (0.00 sec)

mysql> SELECT * FROM Friends;
+------+------+---------------------+
| name | Age  | DOB                 |
+------+------+---------------------+
| Fred |   25 | 1921-02-12 01:01:01 |
| Bob  |   21 | 1990-02-06 23:04:56 |
| Jim  |   56 | 1955-05-09 13:12:45 |
| Fred |  100 | 1921-02-12 01:01:01 |
+------+------+---------------------+
4 rows in set (0.00 sec)

mysql> SELECT * FROM Friends;
+------+------+---------------------+
| name | Age  | DOB                 |
+------+------+---------------------+
| Fred |   25 | 1921-02-12 01:01:01 |
| Fred |  100 | 1921-02-12 01:01:01 |
+------+------+---------------------+
2 rows in set (0.00 sec)

